[adrchambers.com/index.html]
[backblue.gif]
[fade.gif]
[index.html]
[adrchambers.com/wp-content/themes/adrc/favicon.ico]
[adrchambers.com/wp-content/uploads/2020/08/covid.jpg]
[adrchambers.com/wp-content/plugins/contact-form-7/includes/css/stylesbb49.css]
[fonts.googleapis.com/index.html]
[adrchambers.com/wp-content/uploads/maxmegamenu/stylee9fa.css]
[adrchambers.com/wp-includes/css/dashicons.mind03b.css]
[adrchambers.com/wp-content/plugins/megamenu-pro/icons/genericons/genericons/genericons4c71.css]
[adrchambers.com/wp-content/plugins/megamenu-pro/icons/fontawesome/css/font-awesome.min4c71.css]
[adrchambers.com/wp-content/plugins/megamenu-pro/icons/fontawesome5/css/all.min4c71.css]
[adrchambers.com/wp-content/themes/adrc/styled03b.css]
[maxcdn.bootstrapcdn.com/bootstrap/3.3.4/css/bootstrap.mind03b.css]
[adrchambers.com/wp-content/plugins/js_composer/assets/css/js_composer.mina086.css]
[adrchambers.com/wp-includes/js/jquery/jquery4a5f.js]
[adrchambers.com/wp-content/themes/adrc/library/wp-advanced-search/js/scripts68b3.js]
[maxcdn.bootstrapcdn.com/bootstrap/3.3.4/js/bootstrap.mind03b.js]
[adrchambers.com/wp-content/themes/adrc/library/slider/jquery.bxslider.mind03b.js]
[adrchambers.com/wp-json/wp/v2/pages/4.json]
[adrchambers.com/wp-json/index.html]
[adrchambers.com/xmlrpc0db0.php]
[adrchambers.com/wp-includes/wlwmanifest.xml]
[adrchambers.com/wp-json/oembed/1.0/embed1ee9.json]
[adrchambers.com/wp-json/oembed/1.0/embed7117]
[www.google-analytics.com/analytics.js]
[adrchambers.com/wp-content/themes/adrc/images/adrc-logo-white.png]
[adrchambers.com/search/index.html]
[adrchambers.com/neutrals/index.html]
[adrchambers.com/about-adr-chambers/index.html]
[adrchambers.com/premises/index.html]
[adrchambers.com/news-articles/index.html]
[adrchambers.com/wp-content/uploads/2020/01/20192020.png]
[adrchambers.com/adr-chambers-international/index.html]
[adrchambers.com/stitt-feld-hand-group/index.html]
[adrchambers.com/wp-content/uploads/2020/01/20172018.png]
[adrchambers.com/mediation/index.html]
[adrchambers.com/evideo-mediation/index.html]
[adrchambers.com/phone-mediation/index.html]
[adrchambers.com/roster-rate-mediation/index.html]
[adrchambers.com/wp-content/uploads/2019/11/Twitterbird.png]
[adrchambers.com/expedited-mediation/index.html]
[adrchambers.com/programs/nadap/index.html]
[adrchambers.com/mediation-model-clause/index.html]
[adrchambers.com/mediators/index.html]
[adrchambers.com/wp-content/uploads/2019/11/facebook.png]
[adrchambers.com/arbitration/index.html]
[adrchambers.com/arbitration-model-clauses/index.html]
[adrchambers.com/expedited-arbitration/index.html]
[adrchambers.com/arbitrators/index.html]
[adrchambers.com/odacc/index.html]
[adrchambers.com/programs/industry-canada/index.html]
[adrchambers.com/programs/iiroc/index.html]
[adrchambers.com/wp-content/uploads/2019/11/linkedin.png]
[adrchambers.com/coaching/index.html]
[adrchambers.com/adr-systems-design/index.html]
[adrchambers.com/fairness-monitoring/index.html]
[adrchambers.com/integrity-commissioner/index.html]
[adrchambers.com/medarb/index.html]
[adrchambers.com/neutral-evaluation/index.html]
[adrchambers.com/civil-motion/index.html]
[adrchambers.com/ombudsman/index.html]
[adrchambers.com/private-appeals/index.html]
[adrchambers.com/training/index.html]
[adrchambers.com/investigation/index.html]
[adrchambers.com/contact/index.html]
[adrchambers.com/model-adr-clauses/index.html]
[adrchambers.com/wp-content/plugins/contact-form-7/includes/js/scriptsbb49.js]
[adrchambers.com/expedited-arbitration/rules/index.html]
[adrchambers.com/news-articles/commentary/benefits-video-mediation/index.html]
[adrchambers.com/news-articles/announcements/adr-chambers-named-as-authorized-nominating-authority-by-ministry-of-attorney-general-july-18-2019/index.html]
[adrchambers.com/wp-includes/js/hoverIntent.minc245.js]
[adrchambers.com/upcoming-cma-and-caa-events/index.html]
[adrchambers.com/neutral/roy-mcphail/index.html]
[adrchambers.com/neutral/james-a-sweetlove/index.html]
[adrchambers.com/wp-content/plugins/megamenu/js/maxmegamenu665e.js]
[adrchambers.com/neutral/thomas-i-a-allen/index.html]
[adrchambers.com/neutral/ronald-m-dash/index.html]
[adrchambers.com/neutral/cliff-hendler/index.html]
[adrchambers.com/wp-content/plugins/megamenu-pro/assets/public4c71.js]
[adrchambers.com/neutral/peter-braund/index.html]
[adrchambers.com/neutral/allan-j-stitt/index.html]
[adrchambers.com/neutral/louie-reznick/index.html]
[adrchambers.com/wp-includes/js/wp-embed.mind03b.js]
[adrchambers.com/neutral/honourable-john-c-jack-major/index.html]
[adrchambers.com/neutral/virginia-may/index.html]
[adrchambers.com/neutral/j-a-tony-baker/index.html]
[cdn.rlets.com/capture_configs/6e7/064/204/f6e46a8bce0c9fcc6c14cb7d03b.json]
[adrchambers.com/neutral/elinor-whitmore/index.html]
[adrchambers.com/neutral/w-a-derry-millar/index.html]
[adrchambers.com/neutral/paul-iacono/index.html]
[adrchambers.com/neutral/alicia-kuin/index.html]
[adrchambers.com/terms-of-use/index.html]
[adrchambers.com/privacy-policy/index.html]
[adrchambers.com/index.html]
[maxcdn.bootstrapcdn.com/index.html]
[adrchambers.com/wp-content/plugins/js_composer/assets/js/dist/js_composer_front.mina086.js]
[fonts.googleapis.com/index.html]
[s.w.org/index.html]
[fonts.googleapis.com/cssa11f.css]
[adrchambers.com/wp-admin/admin-ajax68b3.html]
[adrchambers.com/indexf3ac.html]
[adrchambers.com/wp-json/wp/v2/pages/928.json]
[adrchambers.com/wp-json/oembed/1.0/embedff9a.json]
[adrchambers.com/neutrals/index.html]
[adrchambers.com/wp-json/oembed/1.0/embed961f]
[adrchambers.com/neutral/carol-a-albert/index.html]
[adrchambers.com/request-a-neutral/index.html]
[adrchambers.com/wp-json/wp/v2/pages/26.json]
[adrchambers.com/neutral/deborah-c-anschell/index.html]
[adrchambers.com/neutral/barry-s-arbus/index.html]
[adrchambers.com/wp-json/oembed/1.0/embed066a.json]
[adrchambers.com/neutral/eban-m-bayefsky/index.html]
[adrchambers.com/neutral/john-beaucage/index.html]
[adrchambers.com/neutral/barry-h-bresner/index.html]
[adrchambers.com/search/index.html]
[adrchambers.com/wp-json/oembed/1.0/embedb4bf]
[adrchambers.com/neutral/honourable-donald-r-cameron/index.html]
[adrchambers.com/neutral/peter-g-cathcart/index.html]
[adrchambers.com/neutral/john-a-campion/index.html]
[adrchambers.com/neutral/kimberly-cork/index.html]
[adrchambers.com/neutral/andrew-m-diamond/index.html]
[adrchambers.com/wp-json/wp/v2/pages/78.json]
[adrchambers.com/neutral/l-leslie-dizgun/index.html]
[adrchambers.com/neutral/ernie-eves/index.html]
[adrchambers.com/neutral/jonathan-flanders/index.html]
[adrchambers.com/wp-json/oembed/1.0/embedb51d.json]
[adrchambers.com/neutral/jeffrey-freedlander/index.html]
[adrchambers.com/neutral/glen-e-grunwald/index.html]
[adrchambers.com/neutral/ellen-fry/index.html]
[adrchambers.com/wp-json/oembed/1.0/embedf00d]
[adrchambers.com/neutral/joe-e-hershfield/index.html]
[adrchambers.com/neutral/marvin-j-huberman/index.html]
[adrchambers.com/neutral/charles-a-harnick/index.html]
[adrchambers.com/wp-content/uploads/2017/03/Hockey_Hall_of_Fame-104x105.png]
[adrchambers.com/about-adr-chambers/index.html]
[adrchambers.com/neutral/richard-h-krempulec/index.html]
[adrchambers.com/neutral/mark-lawrence/index.html]
[adrchambers.com/neutral/william-lukewich/index.html]
[adrchambers.com/neutral/john-w-makins/index.html]
[adrchambers.com/news-articles/index.html]
[adrchambers.com/neutral/oliver-l-martin/index.html]
[adrchambers.com/neutral/michael-maynard/index.html]
[adrchambers.com/neutral/edward-t-mcdermott/index.html]
[adrchambers.com/neutral/anne-mcgrath/index.html]
[adrchambers.com/wp-json/wp/v2/pages/80.json]
[adrchambers.com/neutral/derek-sarluis/index.html]
[adrchambers.com/neutral/jason-stitt/index.html]
[adrchambers.com/neutral/wolf-tausendfreund/index.html]
[adrchambers.com/wp-json/oembed/1.0/embed3f8d.json]
[adrchambers.com/neutral/honourable-daniel-h-tingley/index.html]
[adrchambers.com/neutral/helen-l-walt/index.html]
[adrchambers.com/neutral/cindy-winer/index.html]
[adrchambers.com/wp-json/oembed/1.0/embed4118]
[adrchambers.com/neutral/frank-zaid/index.html]
[adrchambers.com/neutral/louise-barrington/index.html]
[adrchambers.com/neutral/daniel-r-bereskin/index.html]
[adrchambers.com/wp-content/uploads/2017/03/premises-01.jpg]
[adrchambers.com/neutral/clint-g-docken/index.html]
[adrchambers.com/neutral/honourable-roderick-j-flaherty/index.html]
[adrchambers.com/neutral/donald-l-granatstein/index.html]
[adrchambers.com/wp-content/uploads/2017/03/premises-02.jpg]
[adrchambers.com/neutral/d-bruce-macdougall/index.html]
[adrchambers.com/neutral/e-david-d-tavender/index.html]
[adrchambers.com/neutral/james-m-newland/index.html]
[adrchambers.com/wp-content/uploads/2017/03/premises-03.jpg]
[adrchambers.com/neutral/harold-w-veale/index.html]
[adrchambers.com/neutral/paul-wesley/index.html]
[adrchambers.com/wp-content/uploads/2017/03/premises-04.jpg]
[adrchambers.com/wp-content/uploads/2017/03/premises-06.jpg]
[adrchambers.com/news-articles/page/2/index.html]
[adrchambers.com/wp-content/uploads/2017/03/premises-08.jpg]
[adrchambers.com/workplace-restoration/index.html]
[adrchambers.com/news-articles/videos/adr-chambers-now-offers-online-video-mediations-and-arbitrations/index.html]
[adrchambers.com/wp-content/uploads/2017/03/premises-09.jpg]
[adrchambers.com/news-articles/commentary/covid-19/index.html]
[adrchambers.com/news-articles/videos/louie-reznick-discusses-his-mediation-style/index.html]
[adrchambers.com/wp-content/uploads/2017/03/premises-10.jpg]
[adrchambers.com/news-articles/uncategorized/advanced-procedures-for-mediation-and-arbitration-of-franchise-disputes-to-save-time-costs-and-disruption/index.html]
[adrchambers.com/news-articles/commentary/ontario-school-strike-what-does-a-mediator-do/index.html]
[adrchambers.com/news-articles/uncategorized/richard-krempulec-discusses-his-mediation-style/index.html]
[adrchambers.com/wp-content/uploads/2017/03/premises-11.jpg]
[adrchambers.com/news-articles/commentary/q-a-with-frank-zaid-resolving-franchise-disputes-through-mediation/index.html]
[adrchambers.com/news-articles/commentary/faster-cheaper-with-less-process-top-10-arbitration-chambers/index.html]
[adrchambers.com/news-articles/uncategorized/qa-with-frank-zaid-automotive-franchises/index.html]
[adrchambers.com/wp-content/uploads/2017/03/premises-12.jpg]
[adrchambers.com/news-articles/page/5/index.html]
[adrchambers.com/news-articles/page/3/index.html]
[adrchambers.com/category/announcements/index.html]
[adrchambers.com/wp-content/plugins/js_composer/assets/lib/vc_carousel/css/vc_carousel.mina086.css]
[adrchambers.com/category/uncategorized/index.html]
[adrchambers.com/category/tips/index.html]
[adrchambers.com/category/commentary/index.html]
[adrchambers.com/wp-content/plugins/js_composer/assets/lib/prettyphoto/css/prettyPhoto.mina086.css]
[adrchambers.com/category/videos/index.html]
[adrchambers.com/wp-content/plugins/js_composer/assets/lib/vc_carousel/js/transition.mina086.js]
[adrchambers.com/wp-content/plugins/js_composer/assets/lib/vc_carousel/js/vc_carousel.mina086.js]
[adrchambers.com/premises/index.html]
[adrchambers.com/wp-content/plugins/js_composer/assets/lib/prettyphoto/js/jquery.prettyPhoto.mina086.js]
[adrchambers.com/wp-json/wp/v2/pages/247.json]
[adrchambers.com/wp-json/oembed/1.0/embed347e.json]
[adrchambers.com/stitt-feld-hand-group/index.html]
[adrchambers.com/wp-json/oembed/1.0/embed06d9]
[adrchambers.com/wp-json/wp/v2/pages/250.json]
[adrchambers.com/wp-json/oembed/1.0/embed920e.json]
[adrchambers.com/adr-chambers-international/index.html]
[adrchambers.com/wp-json/oembed/1.0/embed4fb3]
[adrchambers.com/wp-json/wp/v2/pages/259.json]
[adrchambers.com/wp-json/oembed/1.0/embed124e.json]
[adrchambers.com/wp-json/oembed/1.0/embed8026]
[adrchambers.com/wp-content/plugins/js_composer/assets/lib/bower/font-awesome/css/v4-shims.mina086.css]
[adrchambers.com/mediation/fees/index.html]
[adrchambers.com/mediation/rules/index.html]
[adrchambers.com/mediation/index.html]
[adrchambers.com/wp-content/plugins/js_composer/assets/lib/bower/font-awesome/css/all.mina086.css]
[adrchambers.com/mediation/sample-agreement-to-mediate/index.html]
[adrchambers.com/wp-json/wp/v2/pages/282.json]
[adrchambers.com/wp-json/oembed/1.0/embed7e7e.json]
[adrchambers.com/evideo-mediation/index.html]
[adrchambers.com/wp-json/oembed/1.0/embedfb7e]
[adrchambers.com/wp-json/wp/v2/pages/2935.json]
[adrchambers.com/wp-json/oembed/1.0/embed99cb.json]
[adrchambers.com/phone-mediation/index.html]
[adrchambers.com/wp-json/oembed/1.0/embed8670]
[adrchambers.com/wp-content/uploads/2019/09/med-image-300x100.jpg]
[adrchambers.com/wp-json/wp/v2/pages/665.json]
[adrchambers.com/wp-json/oembed/1.0/embedf5bf.json]
[adrchambers.com/wp-json/oembed/1.0/embed2871]
[adrchambers.com/neutral/eban-m-bayefsky.html]
[adrchambers.com/roster-rate-mediation/index.html]
[adrchambers.com/neutral/jeffrey-freedlander.html]
[adrchambers.com/wp-json/wp/v2/pages/278.json]
[adrchambers.com/wp-json/oembed/1.0/embed43f8.json]
[adrchambers.com/wp-json/oembed/1.0/embed2cad]
[adrchambers.com/wp-content/uploads/2017/05/Mediation-Rules-for-Expedited-Civil-Mediation-June-2016.pdf]
[adrchambers.com/expedited-mediation/index.html]
[adrchambers.com/wp-json/wp/v2/pages/920.json]
[adrchambers.com/wp-json/oembed/1.0/embed065a.json]
[adrchambers.com/mediators/index.html]
[adrchambers.com/wp-json/oembed/1.0/embedb433]
[adrchambers.com/wp-json/wp/v2/pages/352.json]
[adrchambers.com/wp-json/oembed/1.0/embedd582.json]
[adrchambers.com/wp-json/oembed/1.0/embedf1ed]
[adrchambers.com/wp-content/uploads/2018/07/ADR-Model-Clauses.pdf]
[adrchambers.com/mediation-model-clause/index.html]
[adrchambers.com/arbitration/fees/index.html]
[adrchambers.com/arbitration/rules/index.html]
[adrchambers.com/arbitration/notice-of-arbitration/index.html]
[adrchambers.com/expedited-arbitration/fees/index.html]
[adrchambers.com/wp-json/wp/v2/pages/383.json]
[adrchambers.com/expedited-arbitration/model-clause/index.html]
[adrchambers.com/wp-json/oembed/1.0/embed4d73.json]
[adrchambers.com/wp-json/oembed/1.0/embed3177]
[adrchambers.com/wp-content/uploads/2017/05/NADAP-Renewal-2017-EN.pdf]
[adrchambers.com/wp-content/uploads/2017/05/NADAP-Renewal-2017-FR.pdf]
[adrchambers.com/programs/nadap/index.html]
[adrchambers.com/wp-content/uploads/2019/12/NADAP-Arbitration-Award-Digest.pdf]
[adrchambers.com/wp-json/wp/v2/pages/338.json]
[adrchambers.com/wp-json/oembed/1.0/embed09fe.json]
[adrchambers.com/wp-json/oembed/1.0/embed300d]
[adrchambers.com/wp-content/uploads/2017/05/Notice-of-Arbitration.pdf]
[adrchambers.com/arbitration/index.html]
[adrchambers.com/wp-json/wp/v2/pages/803.json]
[adrchambers.com/wp-json/oembed/1.0/embed9636.json]
[adrchambers.com/wp-json/oembed/1.0/embedb367]
[adrchambers.com/wp-content/uploads/2018/11/Notice-to-Arbitrate-Expedited.pdf]
[adrchambers.com/expedited-arbitration/index.html]
[adrchambers.com/wp-json/wp/v2/pages/922.json]
[adrchambers.com/wp-json/oembed/1.0/embeda0e3.json]
[adrchambers.com/arbitrators/index.html]
[adrchambers.com/wp-json/oembed/1.0/embed4cfa]
[adrchambers.com/wp-json/wp/v2/pages/2287.json]
[adrchambers.com/wp-json/oembed/1.0/embed2a0f.json]
[adrchambers.com/arbitration-model-clauses/index.html]
[adrchambers.com/wp-json/oembed/1.0/embedd55b]
[adrchambers.com/wp-json/wp/v2/pages/385.json]
[adrchambers.com/wp-json/oembed/1.0/embed52be.json]
[adrchambers.com/programs/industry-canada/index.html]
[adrchambers.com/wp-json/oembed/1.0/embede920]
[adrchambers.com/wp-json/wp/v2/pages/388.json]
[adrchambers.com/wp-json/oembed/1.0/embedeeec.json]
[adrchambers.com/wp-json/oembed/1.0/embed4898]
[adrchambers.com/wp-content/uploads/2017/06/2017-02-27-IIROC-Aritration-Rules.pdf]
[adrchambers.com/wp-content/uploads/2019/06/2017-02-27-IIROC-Arbitration-Fees-1.pdf]
[adrchambers.com/wp-content/uploads/2017/06/2017-02-27-IIROC-Notice-of-Arbitration.pdf]
[adrchambers.com/wp-content/uploads/2017/06/2017-02-27-IIROC-Arbitration-Agreement.pdf]
[adrchambers.com/wp-content/uploads/2017/06/2017-02-27-IIROC-Arbitration-Agreement-British-Columbia.pdf]
[adrchambers.com/wp-content/uploads/2017/06/2017-02-27-IIROC-Claimant-Cost-Election.pdf]
[adrchambers.com/programs/iiroc/index.html]
[adrchambers.com/wp-json/wp/v2/pages/2711.json]
[adrchambers.com/wp-json/oembed/1.0/embed420d.json]
[adrchambers.com/odacc/index.html]
[adrchambers.com/wp-json/oembed/1.0/embed85c3]
[adrchambers.com/wp-json/wp/v2/pages/426.json]
[adrchambers.com/wp-json/oembed/1.0/embedad64.json]
[adrchambers.com/adr-systems-design/index.html]
[adrchambers.com/wp-json/oembed/1.0/embedc464]
[adrchambers.com/wp-json/wp/v2/pages/416.json]
[adrchambers.com/wp-json/oembed/1.0/embed16ea.json]
[adrchambers.com/coaching/index.html]
[adrchambers.com/wp-json/oembed/1.0/embedc62f]
[adrchambers.com/wp-json/wp/v2/pages/2069.json]
[adrchambers.com/wp-json/oembed/1.0/embed6d00.json]
[adrchambers.com/fairness-monitoring/index.html]
[adrchambers.com/wp-json/oembed/1.0/embed28ea]
[adrchambers.com/wp-json/wp/v2/pages/420.json]
[adrchambers.com/wp-json/oembed/1.0/embed65ac.json]
[adrchambers.com/integrity-commissioner/index.html]
[adrchambers.com/wp-json/oembed/1.0/embed315a]
[adrchambers.com/wp-json/wp/v2/pages/412.json]
[adrchambers.com/wp-json/oembed/1.0/embed1ff8.json]
[adrchambers.com/civil-motion/index.html]
[adrchambers.com/wp-json/oembed/1.0/embed281c]
[adrchambers.com/wp-json/wp/v2/pages/414.json]
[adrchambers.com/wp-json/oembed/1.0/embed3a50.json]
[adrchambers.com/medarb/index.html]
[adrchambers.com/wp-json/oembed/1.0/embedc7a4]
[adrchambers.com/service/medarb/index.html]
[adrchambers.com/wp-json/wp/v2/pages/404.json]
[adrchambers.com/wp-json/oembed/1.0/embed71ee.json]
[adrchambers.com/wp-json/oembed/1.0/embed059d]
[adrchambers.com/wp-content/uploads/2017/06/2017-02-28-Neutral-Evaluation-Rules.pdf]
[adrchambers.com/neutral-evaluation/index.html]
[adrchambers.com/wp-content/uploads/2017/06/2017-02-28-Neutral-Evaluation-Sample-Agreement.pdf]
[adrchambers.com/neutral-evaluation/neutral-evaluation-fees/index.html]
[adrchambers.com/neutral-evaluation-rules/index.html]
[adrchambers.com/neutral-evaluation/neutral-evaluation-sample-agreement/index.html]
[adrchambers.com/service/neutral-evaluation/index.html]
[adrchambers.com/wp-json/wp/v2/pages/418.json]
[adrchambers.com/wp-json/oembed/1.0/embedf783.json]
[adrchambers.com/ombudsman/index.html]
[adrchambers.com/wp-json/oembed/1.0/embed8ef7]
[adrchambers.com/wp-json/wp/v2/pages/410.json]
[adrchambers.com/wp-json/oembed/1.0/embedd977.json]
[adrchambers.com/private-appeals/index.html]
[adrchambers.com/wp-json/oembed/1.0/embed305e]
[adrchambers.com/service/private-appeal/index.html]
[adrchambers.com/private-appeals/fees/index.html]
[adrchambers.com/wp-json/wp/v2/pages/424.json]
[adrchambers.com/wp-json/oembed/1.0/embedd2e2.json]
[adrchambers.com/training/index.html]
[adrchambers.com/wp-json/oembed/1.0/embede7f2]
[adrchambers.com/wp-json/wp/v2/pages/408.json]
[adrchambers.com/wp-json/oembed/1.0/embed47ce.json]
[adrchambers.com/investigation/index.html]
[adrchambers.com/wp-json/oembed/1.0/embed0733]
[adrchambers.com/service/investigation/index.html]
[adrchambers.com/wp-json/wp/v2/pages/2431.json]
[adrchambers.com/wp-json/oembed/1.0/embedff55.json]
[adrchambers.com/model-adr-clauses/index.html]
[adrchambers.com/wp-json/oembed/1.0/embed1aa8]
[adrchambers.com/wp-json/wp/v2/pages/88.json]
[adrchambers.com/wp-json/oembed/1.0/embed6d17.json]
[adrchambers.com/contact/index.html]
[adrchambers.com/wp-json/oembed/1.0/embed3418]
[adrchambers.com/wp-json/wp/v2/posts/2687.json]
[adrchambers.com/wp-json/oembed/1.0/embed62e9.json]
[adrchambers.com/wp-json/oembed/1.0/embedab58]
[adrchambers.com/wp-content/uploads/2019/07/announcement.pdf]
[adrchambers.com/news-articles/announcements/adr-chambers-named-as-authorized-nominating-authority-by-ministry-of-attorney-general-july-18-2019/index.html]
[adrchambers.com/wp-json/wp/v2/posts/1475.json]
[adrchambers.com/wp-json/oembed/1.0/embedc738.json]
[adrchambers.com/news-articles/commentary/benefits-video-mediation/index.html]
[adrchambers.com/wp-json/oembed/1.0/embed4b30]
[adrchambers.com/wp-json/wp/v2/pages/371.json]
[adrchambers.com/wp-json/oembed/1.0/embed5b47.json]
[adrchambers.com/wp-json/oembed/1.0/embed1205]
[adrchambers.com/wp-content/uploads/2017/11/2017-03-29-Expedited-Arbitration-Rules.pdf]
[adrchambers.com/expedited-arbitration/rules/index.html]
[adrchambers.com/upcoming-cma-and-caa-events/index.html]
[adrchambers.com/wp-json/oembed/1.0/embed3066.json]
[adrchambers.com/wp-json/oembed/1.0/embedc4f6]
[adrchambers.com/wp-content/uploads/2018/08/Roy-McPhail-new-website.jpg]
[adrchambers.com/neutral/roy-mcphail/index.html]
[adrchambers.com/service/arbitration/index.html]
[adrchambers.com/service/expedited-arbitration/index.html]
[adrchambers.com/wp-json/oembed/1.0/embed6052.json]
[adrchambers.com/service/mediation/index.html]
[adrchambers.com/specialty/commercial/index.html]
[adrchambers.com/wp-json/oembed/1.0/embeded71]
[adrchambers.com/specialty/commercial/mining/index.html]
[adrchambers.com/specialty/miscellaneous/index.html]
[adrchambers.com/specialty/miscellaneous/construction-engineering-infrastructure/index.html]
[adrchambers.com/wp-content/uploads/2020/01/Sweetlove.jpg]
[adrchambers.com/neutral/james-a-sweetlove/index.html]
[adrchambers.com/service/expedited-mediation/index.html]
[adrchambers.com/specialty/miscellaneous/estate-wills/index.html]
[adrchambers.com/wp-json/oembed/1.0/embed2f2a.json]
[adrchambers.com/wp-json/oembed/1.0/embed247e]
[adrchambers.com/neutral/ronald-m-dash/index.html]
[adrchambers.com/wp-content/uploads/2018/06/RonDash-newsite.jpg]
[adrchambers.com/service/civil-motion/index.html]
[adrchambers.com/specialty/commercial/collection-debtors/index.html]
[adrchambers.com/specialty/commercial/contracts/index.html]
[adrchambers.com/specialty/commercial/franchise-disputes/index.html]
[adrchambers.com/specialty/commercial/corporate/index.html]
[adrchambers.com/wp-json/oembed/1.0/embed1b05.json]
[adrchambers.com/specialty/employment/harassment/index.html]
[adrchambers.com/specialty/employment/index.html]
[adrchambers.com/specialty/commercial/partnership-disputes/index.html]
[adrchambers.com/wp-json/oembed/1.0/embedeeeb]
[adrchambers.com/specialty/employment/human-rights-discrimination/index.html]
[adrchambers.com/specialty/employment/workplace-disputes/index.html]
[adrchambers.com/specialty/employment/wrongful-constructive-dismissal/index.html]
[adrchambers.com/wp-content/uploads/2019/01/Tom-Allen-new-website.jpg]
[adrchambers.com/neutral/thomas-i-a-allen/index.html]
[adrchambers.com/specialty/insurance/index.html]
[adrchambers.com/specialty/insurance/life-disability/index.html]
[adrchambers.com/specialty/insurance/medical-malpractice/index.html]
[adrchambers.com/specialty/insurance/personal-injury/index.html]
[adrchambers.com/wp-json/oembed/1.0/embedc3ea.json]
[adrchambers.com/specialty/insurance/product-liability/index.html]
[adrchambers.com/specialty/insurance/professional-liablity/index.html]
[adrchambers.com/specialty/insurance/property-casualty/index.html]
[adrchambers.com/wp-json/oembed/1.0/embeda397]
[adrchambers.com/specialty/miscellaneous/libel-slander/index.html]
[adrchambers.com/specialty/miscellaneous/environmental/index.html]
[adrchambers.com/specialty/miscellaneous/landlord-tenant/index.html]
[adrchambers.com/wp-content/uploads/2020/09/Cliff.jpg]
[adrchambers.com/neutral/cliff-hendler/index.html]
[adrchambers.com/specialty/commercial/accounting/index.html]
[adrchambers.com/specialty/commercial/investment-dealers/index.html]
[adrchambers.com/specialty/commercial/succession/index.html]
[adrchambers.com/specialty/insurance/reinsurance/index.html]
[adrchambers.com/wp-json/oembed/1.0/embedc58a]
[adrchambers.com/wp-content/uploads/2018/06/AllanStitt-newsite.jpg]
[adrchambers.com/neutral/allan-j-stitt/index.html]
[adrchambers.com/specialty/commercial/transportation/index.html]
[adrchambers.com/specialty/commercial/bankruptcy-insolvency/index.html]
[adrchambers.com/wp-json/oembed/1.0/embed30a9.json]
[adrchambers.com/specialty/miscellaneous/entertainment/index.html]
[adrchambers.com/specialty/miscellaneous/agriculture/index.html]
[adrchambers.com/wp-json/oembed/1.0/embedd7a6]
[adrchambers.com/specialty/miscellaneous/oil-gas/index.html]
[adrchambers.com/specialty/miscellaneous/sports/index.html]
[adrchambers.com/specialty/miscellaneous/public-policy/index.html]
[adrchambers.com/wp-content/uploads/2017/04/Louie-Reznick-wpcf_500x500.jpg]
[adrchambers.com/neutral/louie-reznick/index.html]
[adrchambers.com/specialty/real-estate/commercial-leases/index.html]
[adrchambers.com/specialty/real-estate/index.html]
[adrchambers.com/specialty/real-estate/condominium/index.html]
[adrchambers.com/specialty/real-estate/general-real-estate/index.html]
[adrchambers.com/specialty/employment/labour-relations/index.html]
[adrchambers.com/specialty/employment/workers-compensation/index.html]
[adrchambers.com/wp-json/oembed/1.0/embed5801.json]
[adrchambers.com/specialty/miscellaneous/hospitals-health/index.html]
[adrchambers.com/specialty/miscellaneous/arts/index.html]
[adrchambers.com/wp-json/oembed/1.0/embed1128]
[adrchambers.com/neutral/peter-braund/index.html]
[adrchambers.com/wp-content/uploads/2019/01/Peter-Braund-new-website.jpg]
[adrchambers.com/service/fairness-monitoring/index.html]
[adrchambers.com/wp-json/oembed/1.0/embedb4f2.json]
[adrchambers.com/wp-json/oembed/1.0/embed27a9]
[adrchambers.com/wp-content/uploads/2018/06/Jack-Major-new-pic.jpg]
[adrchambers.com/neutral/honourable-john-c-jack-major/index.html]
[adrchambers.com/specialty/miscellaneous/aviation-air/index.html]
[adrchambers.com/wp-json/oembed/1.0/embedce7a.json]
[adrchambers.com/wp-json/oembed/1.0/embedb5a1]
[adrchambers.com/wp-content/uploads/2019/02/Tony.png]
[adrchambers.com/neutral/j-a-tony-baker/index.html]
[adrchambers.com/service/roster-rate-mediation/index.html]
[adrchambers.com/wp-json/oembed/1.0/embed4903.json]
[adrchambers.com/wp-json/oembed/1.0/embed97a4]
[adrchambers.com/wp-content/uploads/2018/06/VirginiaMay-newsite.jpg]
[adrchambers.com/neutral/virginia-may/index.html]
[adrchambers.com/specialty/miscellaneous/family/index.html]
[adrchambers.com/specialty/commercial/competition-law/index.html]
[adrchambers.com/wp-json/oembed/1.0/embedc9e4.json]
[adrchambers.com/specialty/real-estate/land-use-planning/index.html]
[adrchambers.com/specialty/miscellaneous/first-nations/index.html]
[adrchambers.com/wp-json/oembed/1.0/embed8220]
[adrchambers.com/wp-content/uploads/2018/06/DerryMillar-newsite.jpg]
[adrchambers.com/neutral/w-a-derry-millar/index.html]
[adrchambers.com/specialty/miscellaneous/intellectual-property/index.html]
[adrchambers.com/wp-json/oembed/1.0/embed4251.json]
[adrchambers.com/wp-json/oembed/1.0/embed8396]
[adrchambers.com/wp-content/uploads/2019/01/Paul-Iocono-new-website.jpg]
[adrchambers.com/neutral/paul-iacono/index.html]
[adrchambers.com/wp-json/oembed/1.0/embedcd2a.json]
[adrchambers.com/wp-json/oembed/1.0/embed60ba]
[adrchambers.com/wp-content/uploads/2018/06/ElinorWhitmore-newsite.jpg]
[adrchambers.com/neutral/elinor-whitmore/index.html]
[adrchambers.com/wp-json/oembed/1.0/embed9618.json]
[adrchambers.com/wp-json/oembed/1.0/embedf395]
[adrchambers.com/wp-content/uploads/2019/01/Alicia-Kuin-new-website.jpg]
[adrchambers.com/neutral/alicia-kuin/index.html]
[adrchambers.com/specialty/miscellaneous/education/index.html]
[adrchambers.com/specialty/miscellaneous/senior-and-co-operative-housing/index.html]
[adrchambers.com/wp-json/wp/v2/pages/629.json]
[adrchambers.com/wp-json/oembed/1.0/embed5642.json]
[adrchambers.com/terms-of-use/index.html]
[adrchambers.com/wp-json/oembed/1.0/embedebbe]
[adrchambers.com/wp-json/wp/v2/pages/635.json]
[adrchambers.com/wp-json/oembed/1.0/embed1714.json]
[adrchambers.com/privacy-policy/index.html]
[fonts.googleapis.com/cssf138.css]
[adrchambers.com/index257d.html]
[adrchambers.com/indexf065.html]
[adrchambers.com/indexcafa.html]
[adrchambers.com/wp-json/oembed/1.0/embedaf44]
[adrchambers.com/wp-json/wp/v2/pages/91.json]
[adrchambers.com/wp-json/oembed/1.0/embedda3c.json]
[adrchambers.com/request-a-neutral/index.html]
[adrchambers.com/wp-json/oembed/1.0/embed5183]
[adrchambers.com/wp-json/oembed/1.0/embed8d05.json]
[adrchambers.com/wp-json/oembed/1.0/embed6ada]
[adrchambers.com/wp-content/uploads/2019/03/Carol-Albert-new-site.jpg]
[adrchambers.com/neutral/carol-a-albert/index.html]
[adrchambers.com/service/construction-lien-references/index.html]
[adrchambers.com/wp-json/oembed/1.0/embedc997.json]
[adrchambers.com/wp-json/oembed/1.0/embede469]
[adrchambers.com/wp-content/uploads/2018/01/Deborah-Anschell.jpg]
[adrchambers.com/neutral/deborah-c-anschell/index.html]
[adrchambers.com/wp-json/oembed/1.0/embedb845.json]
[adrchambers.com/wp-json/oembed/1.0/embed4ffa]
[adrchambers.com/wp-content/uploads/2018/06/BarryArbus-new-web.jpg]
[adrchambers.com/neutral/barry-s-arbus/index.html]
[adrchambers.com/wp-json/oembed/1.0/embede62a.json]
[adrchambers.com/wp-json/oembed/1.0/embed3961]
[adrchambers.com/wp-content/uploads/2020/06/unnamed.jpg]
[adrchambers.com/neutral/eban-m-bayefsky/index.html]
[adrchambers.com/wp-json/oembed/1.0/embedc432.json]
[adrchambers.com/wp-json/oembed/1.0/embedfd1a]
[adrchambers.com/neutral/john-beaucage/index.html]
[adrchambers.com/wp-content/uploads/2019/02/JohnB.png]
[adrchambers.com/wp-json/oembed/1.0/embed27f5.json]
[adrchambers.com/wp-json/oembed/1.0/embed18b2]
[adrchambers.com/wp-content/uploads/2019/01/Barry_Bresner-new-website.jpg]
[adrchambers.com/neutral/barry-h-bresner/index.html]
[adrchambers.com/wp-json/oembed/1.0/embedb7c4.json]
[adrchambers.com/wp-json/oembed/1.0/embed83ef]
[adrchambers.com/wp-content/uploads/2018/06/Don-Cameron-newsite.jpg]
[adrchambers.com/neutral/honourable-donald-r-cameron/index.html]
[adrchambers.com/wp-json/oembed/1.0/embedbf0f.json]
[adrchambers.com/wp-json/oembed/1.0/embed52f1]
[adrchambers.com/wp-content/uploads/2018/06/JohnCampion-new-web.jpg]
[adrchambers.com/neutral/john-a-campion/index.html]
[adrchambers.com/wp-json/oembed/1.0/embedb4e2.json]
[adrchambers.com/wp-json/oembed/1.0/embedcf67]
[adrchambers.com/wp-content/uploads/2018/06/Peter-Cathcart-newsite.jpg]
[adrchambers.com/neutral/peter-g-cathcart/index.html]
[adrchambers.com/wp-json/oembed/1.0/embedb439.json]
[adrchambers.com/wp-json/oembed/1.0/embedf39c]
[adrchambers.com/wp-content/uploads/2018/08/Kimberly-Cork-newsite.jpg]
[adrchambers.com/neutral/kimberly-cork/index.html]
[adrchambers.com/wp-json/oembed/1.0/embedb70e.json]
[adrchambers.com/wp-json/oembed/1.0/embedb80d]
[adrchambers.com/wp-content/uploads/2018/06/AndrewDiamond-newsite.jpg]
[adrchambers.com/neutral/andrew-m-diamond/index.html]
[adrchambers.com/wp-json/oembed/1.0/embedf067.json]
[adrchambers.com/wp-json/oembed/1.0/embedc135]
[adrchambers.com/wp-content/uploads/2018/06/Leslie-Dizgun-newsite.jpg]
[adrchambers.com/neutral/l-leslie-dizgun/index.html]
[adrchambers.com/wp-json/oembed/1.0/embedd60d.json]
[adrchambers.com/wp-json/oembed/1.0/embed6596]
[adrchambers.com/wp-content/uploads/2019/02/Ernie.png]
[adrchambers.com/neutral/ernie-eves/index.html]
[adrchambers.com/wp-json/oembed/1.0/embed71c1.json]
[adrchambers.com/wp-json/oembed/1.0/embed6e87]
[adrchambers.com/wp-content/uploads/2018/06/JonathanFlanders-newsite.jpg]
[adrchambers.com/neutral/jonathan-flanders/index.html]
[adrchambers.com/wp-json/oembed/1.0/embed1447.json]
[adrchambers.com/wp-json/oembed/1.0/embed1218]
[adrchambers.com/wp-content/uploads/2019/03/Jeff-Freedman-new-site.jpg]
[adrchambers.com/neutral/jeffrey-freedlander/index.html]
[adrchambers.com/wp-json/oembed/1.0/embed0aef.json]
[adrchambers.com/wp-json/oembed/1.0/embedef53]
[adrchambers.com/wp-content/uploads/2018/06/Ellen-Fry-newsite.jpg]
[adrchambers.com/neutral/ellen-fry/index.html]
[adrchambers.com/wp-json/oembed/1.0/embed9824.json]
[adrchambers.com/wp-json/oembed/1.0/embed347a]
[adrchambers.com/wp-content/uploads/2018/08/Glen-Grunwald-new-website.jpg]
[adrchambers.com/neutral/glen-e-grunwald/index.html]
[adrchambers.com/wp-json/oembed/1.0/embedf5b2.json]
[adrchambers.com/wp-json/oembed/1.0/embed4907]
[adrchambers.com/wp-content/uploads/2019/01/unnamed.jpg]
[adrchambers.com/neutral/charles-a-harnick/index.html]
[adrchambers.com/specialty/miscellaneous/trusts/index.html]
[adrchambers.com/wp-json/oembed/1.0/embed2f63.json]
[adrchambers.com/wp-json/oembed/1.0/embedd1e2]
[adrchambers.com/wp-content/uploads/2018/06/Joe_Hershfield-newsite.jpg]
[adrchambers.com/neutral/joe-e-hershfield/index.html]
[adrchambers.com/wp-json/oembed/1.0/embed4e47.json]
[adrchambers.com/wp-json/oembed/1.0/embed3302]
[adrchambers.com/wp-content/uploads/2018/06/Marvin-Huberman-newsite.jpg]
[adrchambers.com/odacc.html]
[adrchambers.com/ombudsman.html]
[adrchambers.com/neutral/marvin-j-huberman/index.html]
[adrchambers.com/integrity-commissioner.html]
[adrchambers.com/wp-json/oembed/1.0/embed6fdb.json]
[adrchambers.com/wp-json/oembed/1.0/embed1ffa]
[adrchambers.com/wp-content/uploads/2018/06/Richard-Krempulec-newsite.jpg]
[adrchambers.com/neutral/richard-h-krempulec/index.html]
[adrchambers.com/specialty/insurance/interpretation-of-commercial-insurance-policies/index.html]
[adrchambers.com/wp-json/oembed/1.0/embed93e1.json]
[adrchambers.com/wp-json/oembed/1.0/embed58f0]
[adrchambers.com/wp-content/uploads/2018/06/Mark-Lawrence-newsite.jpg]
[adrchambers.com/neutral/mark-lawrence/index.html]
[adrchambers.com/wp-json/oembed/1.0/embed24b2.json]
[adrchambers.com/wp-json/oembed/1.0/embedcf5c]
[adrchambers.com/wp-content/uploads/2020/08/wlukewich.jpg]
[adrchambers.com/neutral/william-lukewich/index.html]
[adrchambers.com/wp-json/oembed/1.0/embed36b0.json]
[adrchambers.com/wp-json/oembed/1.0/embed0d24]
[adrchambers.com/wp-content/uploads/2019/03/John-Makins-new.jpg]
[adrchambers.com/neutral/john-w-makins/index.html]
[adrchambers.com/wp-json/oembed/1.0/embed7dfc.json]
[adrchambers.com/wp-json/oembed/1.0/embed0cb6]
[adrchambers.com/wp-content/uploads/2018/06/Oliver-Martin-newsite.jpg]
[adrchambers.com/neutral/oliver-l-martin/index.html]
[adrchambers.com/wp-json/oembed/1.0/embed3871.json]
[adrchambers.com/wp-json/oembed/1.0/embeda5cd]
[adrchambers.com/wp-content/uploads/2018/05/Michael-Maynard-new-web-2018.jpg]
[adrchambers.com/neutral/michael-maynard/index.html]
[adrchambers.com/wp-json/oembed/1.0/embedc53b.json]
[adrchambers.com/wp-json/oembed/1.0/embedd667]
[adrchambers.com/wp-content/uploads/2018/06/EdwardMcDermott-newsite.jpg]
[adrchambers.com/neutral/edward-t-mcdermott/index.html]
[adrchambers.com/wp-json/oembed/1.0/embedbd13.json]
[adrchambers.com/wp-json/oembed/1.0/embede879]
[adrchambers.com/wp-content/uploads/2019/06/AnneMcGrath-web.jpg]
[adrchambers.com/neutral/anne-mcgrath/index.html]
[adrchambers.com/wp-json/oembed/1.0/embed8991.json]
[adrchambers.com/wp-json/oembed/1.0/embedd718]
[adrchambers.com/wp-content/uploads/2019/04/Derek-Sarluis-newweb.jpg]
[adrchambers.com/neutral/derek-sarluis/index.html]
[adrchambers.com/wp-json/oembed/1.0/embed760d.json]
[adrchambers.com/wp-json/oembed/1.0/embed69c8]
[adrchambers.com/wp-content/uploads/2018/06/Jason-Stitt-newsite.jpg]
[adrchambers.com/neutral/jason-stitt/index.html]
[adrchambers.com/wp-json/oembed/1.0/embed2685.json]
[adrchambers.com/wp-json/oembed/1.0/embeddc69]
[adrchambers.com/wp-content/uploads/2020/07/Tausendfreund-web.jpg]
[adrchambers.com/neutral/wolf-tausendfreund/index.html]
[adrchambers.com/wp-json/oembed/1.0/embed35ab.json]
[adrchambers.com/wp-json/oembed/1.0/embed4449]
[adrchambers.com/wp-content/uploads/2017/06/Daniel-Tingley-e1498677539337-wpcf_500x500.jpg]
[adrchambers.com/neutral/honourable-daniel-h-tingley/index.html]
[adrchambers.com/wp-json/oembed/1.0/embed6e1a.json]
[adrchambers.com/wp-json/oembed/1.0/embed0c5f]
[adrchambers.com/wp-content/uploads/2019/02/Helen.png]
[adrchambers.com/neutral/helen-l-walt/index.html]
[adrchambers.com/wp-json/oembed/1.0/embed90ff.json]
[adrchambers.com/wp-json/oembed/1.0/embedf4b2]
[adrchambers.com/wp-content/uploads/2019/02/Cindy.png]
[adrchambers.com/neutral/cindy-winer/index.html]
[adrchambers.com/wp-json/oembed/1.0/embedc000.json]
[adrchambers.com/wp-json/oembed/1.0/embed210e]
[adrchambers.com/wp-content/uploads/2018/06/Frank-Zaid-newsite.jpg]
[adrchambers.com/news-articles/uncategorized/advanced-procedures-for-mediation-and-arbitration-of-franchise-disputes-to-save-time-costs-and-disruption.html]
[adrchambers.com/wp-content/uploads/2017/08/ADR_2015_Article_Zaid_Frank.pdf]
[adrchambers.com/neutral/frank-zaid/index.html]
[adrchambers.com/cfa-2018-convention-forging-good-franchise-relationships/index.html]
[adrchambers.com/news-articles/commentary/qa-frank-zaid-mistakes-avoid-franchising/index.html]
[adrchambers.com/news-articles/commentary/case-mediation-arbitration-franchise-disputes/index.html]
[adrchambers.com/uncategorized/index.html]
[adrchambers.com/wp-json/oembed/1.0/embed84d3.json]
[adrchambers.com/wp-json/oembed/1.0/embed99ec]
[adrchambers.com/neutral/louise-barrington/index.html]
[adrchambers.com/wp-content/uploads/2018/06/Louise-Barrington-newsite.jpg]
[adrchambers.com/wp-json/oembed/1.0/embeded71.json]
[adrchambers.com/wp-json/oembed/1.0/embed0e70]
[adrchambers.com/wp-content/uploads/2018/06/Dan-Bereskin-newsite.jpg]
[adrchambers.com/neutral/daniel-r-bereskin/index.html]
[adrchambers.com/wp-json/oembed/1.0/embed1c9c.json]
[adrchambers.com/wp-json/oembed/1.0/embedc892]
[adrchambers.com/wp-content/uploads/2018/06/Clint-Docken-new-site.jpg]
[adrchambers.com/neutral/clint-g-docken/index.html]
[adrchambers.com/wp-json/oembed/1.0/embede906.json]
[adrchambers.com/wp-json/oembed/1.0/embed020f]
[adrchambers.com/wp-content/uploads/2018/06/RoderickFlaherty-new-web.jpg]
[adrchambers.com/neutral/honourable-roderick-j-flaherty/index.html]
[adrchambers.com/wp-json/oembed/1.0/embedd257.json]
[adrchambers.com/wp-json/oembed/1.0/embedaa9b]
[adrchambers.com/wp-content/uploads/2018/06/DonaldGranatstein-new-web.jpg]
[adrchambers.com/neutral/donald-l-granatstein/index.html]
[adrchambers.com/wp-json/oembed/1.0/embed43a0.json]
[adrchambers.com/wp-json/oembed/1.0/embed9ace]
[adrchambers.com/wp-content/uploads/2018/06/Bruce-MacDougall-newsite.jpg]
[adrchambers.com/neutral/d-bruce-macdougall/index.html]
[adrchambers.com/wp-json/oembed/1.0/embedbda0.json]
[adrchambers.com/wp-json/oembed/1.0/embeda063]
[adrchambers.com/wp-content/uploads/2018/06/James-Newland-newsite.jpg]
[adrchambers.com/neutral/james-m-newland/index.html]
[adrchambers.com/wp-json/oembed/1.0/embedc996.json]
[adrchambers.com/wp-json/oembed/1.0/embedf6a6]
[adrchambers.com/wp-content/uploads/2018/06/David-Tavender-newsite.jpg]
[adrchambers.com/neutral/e-david-d-tavender/index.html]
[adrchambers.com/wp-json/oembed/1.0/embed2f35.json]
[adrchambers.com/wp-json/oembed/1.0/embed06f9]
[adrchambers.com/wp-content/uploads/2018/07/Hal-Veale-newsite.jpg]
[adrchambers.com/neutral/harold-w-veale/index.html]
[adrchambers.com/wp-json/oembed/1.0/embed091c.json]
[adrchambers.com/neutral/paul-wesley/index.html]
[adrchambers.com/index88b9.html]
[adrchambers.com/index5d24.html]
[adrchambers.com/index7896.html]
[adrchambers.com/indexf759.html]
[adrchambers.com/wp-json/oembed/1.0/embedca9b]
[adrchambers.com/wp-json/wp/v2/pages/422.json]
[adrchambers.com/wp-json/oembed/1.0/embedcc42.json]
[adrchambers.com/workplace-restoration/index.html]
[adrchambers.com/news-articles/page/2/index.html]
[adrchambers.com/wp-json/oembed/1.0/embed8be8]
[adrchambers.com/index8ed8.html]
[adrchambers.com/news-articles/commentary/the-value-of-mentorship-part-2-shaping-the-next-generation-of-professional-mediators/index.html]
[adrchambers.com/news-articles/commentary/the-value-of-mentorship-part-1-reflections-on-my-journey-from-iam-mentee-to-iam-fellow/index.html]
[adrchambers.com/news-articles/uncategorized/anishnabe-noon-da-gaaziiwin-an-indigenous-peacemaking-mediation-nexus/index.html]
[adrchambers.com/news-articles/commentary/skills-of-an-effective-mediator/index.html]
[adrchambers.com/news-articles/commentary/qa-with-frank-zaid-forging-strong-franchise-relationships/index.html]
[adrchambers.com/wp-json/wp/v2/posts/3050.json]
[adrchambers.com/news-articles/uncategorized/the-art-and-science-of-mediating/index.html]
[adrchambers.com/news-articles/commentary/the-newest-tort-elder-care-abuse/index.html]
[adrchambers.com/wp-json/oembed/1.0/embed2f8d.json]
[adrchambers.com/news-articles/commentary/a-solution-for-every-problem-how-to-prevent-conflict-from-becoming-litigation/index.html]
[adrchambers.com/news-articles/uncategorized/2598/index.html]
[adrchambers.com/news-articles/commentary/how-a-new-kind-of-resolution-process-can-support-reconciliation-opinion-how-a-hybrid-process-style-of-mediation-could-help-in-treaty-disputes/index.html]
[adrchambers.com/wp-json/oembed/1.0/embed3c37]
[adrchambers.com/news-articles/videos/adr-chambers-now-offers-online-video-mediations-and-arbitrations/index.html]
[adrchambers.com/news-articles/page/4/index.html]
[adrchambers.com/wp-json/wp/v2/posts/3038.json]
[adrchambers.com/wp-json/oembed/1.0/embedfbf4.json]
[adrchambers.com/wp-json/oembed/1.0/embed0197]
[adrchambers.com/news-articles/uncategorized/advanced-procedures-for-mediation-and-arbitration-of-franchise-disputes-to-save-time-costs-and-disruption/index.html]
[adrchambers.com/neutral/frank-zaid.html]
[adrchambers.com/wp-json/wp/v2/posts/2960.json]
[adrchambers.com/wp-json/oembed/1.0/embed5fea.json]
[adrchambers.com/wp-json/oembed/1.0/embed39c4]
[adrchambers.com/news-articles/commentary/covid-19/index.html]
[adrchambers.com/evideo-mediation.html]
[adrchambers.com/wp-json/wp/v2/posts/2893.json]
[adrchambers.com/wp-json/oembed/1.0/embed8d40.json]
[adrchambers.com/news-articles/videos/louie-reznick-discusses-his-mediation-style/index.html]
[adrchambers.com/wp-json/oembed/1.0/embed7325]
[adrchambers.com/wp-content/uploads/2020/01/Allan-Stitt-300x167.jpg]
[adrchambers.com/wp-json/wp/v2/posts/2875.json]
[adrchambers.com/wp-json/oembed/1.0/embed12df.json]
[adrchambers.com/news-articles/commentary/ontario-school-strike-what-does-a-mediator-do/index.html]
[adrchambers.com/wp-json/oembed/1.0/embed4bf1]
[adrchambers.com/wp-json/wp/v2/posts/2858.json]
[adrchambers.com/wp-json/oembed/1.0/embed898e.json]
[adrchambers.com/news-articles/uncategorized/richard-krempulec-discusses-his-mediation-style/index.html]
[adrchambers.com/wp-json/oembed/1.0/embed4d90]
[adrchambers.com/wp-json/wp/v2/posts/2852.json]
[adrchambers.com/wp-json/oembed/1.0/embed447b.json]
[adrchambers.com/news-articles/commentary/q-a-with-frank-zaid-resolving-franchise-disputes-through-mediation/index.html]
[adrchambers.com/wp-json/oembed/1.0/embed4534]
[adrchambers.com/wp-json/wp/v2/posts/2705.json]
[adrchambers.com/wp-json/oembed/1.0/embedc082.json]
[adrchambers.com/news-articles/commentary/faster-cheaper-with-less-process-top-10-arbitration-chambers/index.html]
[adrchambers.com/wp-json/oembed/1.0/embedfab2]
[adrchambers.com/wp-json/wp/v2/posts/2683.json]
[adrchambers.com/wp-json/oembed/1.0/embed650a.json]
[adrchambers.com/news-articles/uncategorized/qa-with-frank-zaid-automotive-franchises/index.html]
[adrchambers.com/news-articles/page/3/index.html]
[adrchambers.com/wp-json/oembed/1.0/embed422a]
[adrchambers.com/news-articles/page/5/index.html]
[adrchambers.com/news-articles/commentary/defence-opening-statements-mediation/index.html]
[adrchambers.com/news-articles/commentary/starting-mediation-practicecareer/index.html]
[adrchambers.com/news-articles/commentary/independent-franchise-system-ombudsman-programs/index.html]
[adrchambers.com/news-articles/commentary/the-chosen-alternatives/index.html]
[adrchambers.com/news-articles/commentary/free-speech-goes-far-huberman/index.html]
[adrchambers.com/category/announcements/index.html]
[adrchambers.com/wp-json/wp/v2/categories/130.json]
[adrchambers.com/news-articles/commentary/alternative-dispute-resolution-saves-time-budgets/index.html]
[adrchambers.com/news-articles/commentary/mediators-take-u-s-stalemate/index.html]
[adrchambers.com/news-articles/commentary/recent-ruling-clarifies-time-limits-going-unpaid-hst/index.html]
[adrchambers.com/news-articles/commentary/seven-ways-say-no/index.html]
[adrchambers.com/news-articles/announcements/drs-adr-chambers-joining-forces/index.html]
[adrchambers.com/news-articles/commentary/negotiation-tips/index.html]
[adrchambers.com/wp-json/wp/v2/categories/131.json]
[adrchambers.com/category/commentary/index.html]
[adrchambers.com/news-articles/tips/mediation-tips-part-2/index.html]
[adrchambers.com/news-articles/tips/mediation-tips-part-1/index.html]
[adrchambers.com/news-articles/tips/how-to-deal-with-difficult-people/index.html]
[adrchambers.com/news-articles/tips/coaching-in-the-workplace/index.html]
[adrchambers.com/category/tips/index.html]
[adrchambers.com/category/announcements/feed/index.html]
[adrchambers.com/wp-json/wp/v2/categories/64.json]
[adrchambers.com/news-articles/tips/customer-service-tips/index.html]
[adrchambers.com/category/uncategorized/index.html]
[adrchambers.com/wp-json/wp/v2/categories/1.json]
[adrchambers.com/news-articles/announcements/adr-chambers-banking-ombuds-office-approved-external-complaints-body-banks-government/index.html]
[adrchambers.com/news-articles/announcements/expedited-arbitration/index.html]
[adrchambers.com/news-articles/announcements/kitchener-use-toronto-firm-integrity-commissioner-services/index.html]
[adrchambers.com/news-articles/announcements/iiroc-arbitration-program/index.html]
[adrchambers.com/category/commentary/feed/index.html]
[adrchambers.com/wp-json/wp/v2/categories/171.json]
[adrchambers.com/category/videos/index.html]
[adrchambers.com/indexbde5.html]
[adrchambers.com/indexaf4e.html]
[adrchambers.com/category/commentary/page/2/index.html]
[adrchambers.com/index8cf0.html]
[adrchambers.com/category/commentary/page/4/index.html]
[adrchambers.com/news-articles/announcements/flat-rate-speedy-rulings-save-time-money/index.html]
[adrchambers.com/category/commentary/page/3/index.html]
[adrchambers.com/index10de.html]
[adrchambers.com/indexc807.html]
[adrchambers.com/category/tips/feed/index.html]
[adrchambers.com/index3fab.html]
[adrchambers.com/indexc544.html]
[adrchambers.com/index4177.html]
[adrchambers.com/category/uncategorized/feed/index.html]
[adrchambers.com/category/videos/feed/index.html]
[adrchambers.com/wp-json/wp/v2/pages/274.json]
[adrchambers.com/wp-json/oembed/1.0/embedc251.json]
[adrchambers.com/mediation/fees/index.html]
[adrchambers.com/wp-json/oembed/1.0/embed7f8d]
[adrchambers.com/wp-json/wp/v2/pages/268.json]
[adrchambers.com/wp-json/oembed/1.0/embed060e.json]
[adrchambers.com/wp-json/oembed/1.0/embed73de]
[adrchambers.com/wp-content/uploads/2017/11/Mediation-Rules.pdf]
[adrchambers.com/mediation/rules/index.html]
[adrchambers.com/wp-json/wp/v2/pages/1002.json]
[adrchambers.com/wp-json/oembed/1.0/embed4d04.json]
[adrchambers.com/wp-json/oembed/1.0/embed991a]
[adrchambers.com/wp-content/uploads/2017/06/2017-02-24-Sample-Agreement-to-Mediate.pdf]
[adrchambers.com/mediation/sample-agreement-to-mediate/index.html]
[adrchambers.com/indexa8da.html]
[adrchambers.com/index59e0.html]
[adrchambers.com/index650d.html]
[adrchambers.com/index2820.html]
[adrchambers.com/index2bcd.html]
[adrchambers.com/indexe4b0.html]
[adrchambers.com/neutral/eban-m-bayefsky.html]
[adrchambers.com/neutral/jeffrey-freedlander.html]
[adrchambers.com/index1641.html]
[adrchambers.com/indexfa43.html]
[adrchambers.com/index8f9f.html]
[adrchambers.com/index12c2.html]
[adrchambers.com/index8fec.html]
[adrchambers.com/index6763.html]
[adrchambers.com/wp-json/wp/v2/pages/347.json]
[adrchambers.com/wp-json/oembed/1.0/embede63a.json]
[adrchambers.com/arbitration/fees/index.html]
[adrchambers.com/wp-json/oembed/1.0/embedf468]
[adrchambers.com/wp-json/wp/v2/pages/350.json]
[adrchambers.com/wp-json/oembed/1.0/embed41a5.json]
[adrchambers.com/wp-json/oembed/1.0/embed120d]
[adrchambers.com/wp-content/uploads/2019/11/2013-09-10-Arbitration-Rules.pdf]
[adrchambers.com/arbitration/rules/index.html]
[adrchambers.com/wp-json/wp/v2/pages/1006.json]
[adrchambers.com/wp-json/oembed/1.0/embeda539.json]
[adrchambers.com/arbitration/notice-of-arbitration/index.html]
[adrchambers.com/wp-json/oembed/1.0/embeda8f8]
[adrchambers.com/wp-json/wp/v2/pages/373.json]
[adrchambers.com/wp-json/oembed/1.0/embed7fd8.json]
[adrchambers.com/expedited-arbitration/fees/index.html]
[adrchambers.com/wp-json/oembed/1.0/embed9680]
[adrchambers.com/wp-json/wp/v2/pages/375.json]
[adrchambers.com/wp-json/oembed/1.0/embed3a85.json]
[adrchambers.com/expedited-arbitration/model-clause/index.html]
[adrchambers.com/index3f97.html]
[adrchambers.com/index0433.html]
[adrchambers.com/indexbcd6.html]
[adrchambers.com/index915c.html]
[adrchambers.com/wp-json/oembed/1.0/embed5b11]
[adrchambers.com/arbitration/model-clause/index.html]
[adrchambers.com/index9628.html]
[adrchambers.com/indexc25c.html]
[adrchambers.com/indexc8e5.html]
[adrchambers.com/indexb43a.html]
[adrchambers.com/indexb073.html]
[adrchambers.com/index8a10.html]
[adrchambers.com/indexf1ac.html]
[adrchambers.com/index4efc.html]
[adrchambers.com/index42a9.html]
[adrchambers.com/index52d8.html]
[adrchambers.com/index00e0.html]
[adrchambers.com/index004b.html]
[adrchambers.com/index2202.html]
[adrchambers.com/indexfd19.html]
[adrchambers.com/index5750.html]
[adrchambers.com/index0de0.html]
[adrchambers.com/index9a52.html]
[adrchambers.com/index0a91.html]
[adrchambers.com/index17d3.html]
[adrchambers.com/indexc89e.html]
[adrchambers.com/index5604.html]
[adrchambers.com/index9155.html]
[adrchambers.com/index24eb.html]
[adrchambers.com/indexb06d.html]
[adrchambers.com/service/medarb/index.html]
[adrchambers.com/indexd8bc.html]
[adrchambers.com/service/medarb/feed/index.html]
[adrchambers.com/indexc50c.html]
[adrchambers.com/service/medarb/page/2/index.html]
[adrchambers.com/wp-json/wp/v2/pages/1178.json]
[adrchambers.com/wp-json/oembed/1.0/embed593d.json]
[adrchambers.com/neutral-evaluation/neutral-evaluation-fees/index.html]
[adrchambers.com/wp-json/oembed/1.0/embedfd28]
[adrchambers.com/wp-json/wp/v2/pages/1181.json]
[adrchambers.com/wp-json/oembed/1.0/embed9115.json]
[adrchambers.com/neutral-evaluation-rules/index.html]
[adrchambers.com/wp-json/oembed/1.0/embed3f8c]
[adrchambers.com/wp-json/wp/v2/pages/1189.json]
[adrchambers.com/wp-json/oembed/1.0/embed9005.json]
[adrchambers.com/neutral-evaluation/neutral-evaluation-sample-agreement/index.html]
[adrchambers.com/service/neutral-evaluation/index.html]
[adrchambers.com/index1263.html]
[adrchambers.com/wp-json/oembed/1.0/embedaaf9]
[adrchambers.com/service/neutral-evaluation/feed/index.html]
[adrchambers.com/index2f46.html]
[adrchambers.com/index0ed6.html]
[adrchambers.com/indexb6b9.html]
[adrchambers.com/service/neutral-evaluation/page/2/index.html]
[adrchambers.com/wp-json/wp/v2/pages/1186.json]
[adrchambers.com/wp-json/oembed/1.0/embed857a.json]
[adrchambers.com/private-appeals/fees/index.html]
[adrchambers.com/service/private-appeal/index.html]
[adrchambers.com/index007a.html]
[adrchambers.com/wp-json/oembed/1.0/embedb0b3]
[adrchambers.com/service/private-appeal/feed/index.html]
[adrchambers.com/index8f8f.html]
[adrchambers.com/index43fc.html]
[adrchambers.com/index7a05.html]
[adrchambers.com/service/investigation/index.html]
[adrchambers.com/service/private-appeal/page/2/index.html]
[adrchambers.com/index9fbb.html]
[adrchambers.com/index14e0.html]
[adrchambers.com/index8ed7.html]
[adrchambers.com/service/investigation/feed/index.html]
[adrchambers.com/index65cb.html]
[adrchambers.com/service/investigation/page/2/index.html]
[adrchambers.com/index4ff7.html]
[adrchambers.com/index9030.html]
[adrchambers.com/indexd8a3.html]
[adrchambers.com/indexc9c7.html]
[adrchambers.com/index9f0a.html]
[adrchambers.com/indexe776.html]
[adrchambers.com/news-articles/announcements/adr-chambers-named-as-authorized-nominating-authority-by-ministry-of-attorney-general-july-18-2019/indexab9d.html]
[adrchambers.com/index5ac4.html]
[adrchambers.com/index33b7.html]
[adrchambers.com/service/arbitration/index.html]
[adrchambers.com/service/expedited-arbitration/index.html]
[adrchambers.com/service/arbitration/feed/index.html]
[adrchambers.com/service/mediation/index.html]
[adrchambers.com/specialty/commercial/index.html]
[adrchambers.com/news-articles/commentary/benefits-video-mediation/index0e52.html]
[adrchambers.com/specialty/commercial/mining/index.html]
[adrchambers.com/specialty/miscellaneous/index.html]
[adrchambers.com/service/expedited-arbitration/feed/index.html]
[adrchambers.com/specialty/miscellaneous/construction-engineering-infrastructure/index.html]
[adrchambers.com/index7994.html]
[adrchambers.com/service/mediation/feed/index.html]
[adrchambers.com/indexa6a8.html]
[adrchambers.com/service/expedited-mediation/index.html]
[adrchambers.com/service/arbitration/page/2/index.html]
[adrchambers.com/specialty/miscellaneous/estate-wills/index.html]
[adrchambers.com/specialty/commercial/feed/index.html]
[adrchambers.com/index8320.html]
[adrchambers.com/index04bc.html]
[adrchambers.com/service/expedited-arbitration/page/2/index.html]
[adrchambers.com/service/civil-motion/index.html]
[adrchambers.com/specialty/commercial/mining/feed/index.html]
[adrchambers.com/specialty/commercial/collection-debtors/index.html]
[adrchambers.com/specialty/miscellaneous/feed/index.html]
[adrchambers.com/specialty/commercial/contracts/index.html]
[adrchambers.com/specialty/commercial/corporate/index.html]
[adrchambers.com/service/mediation/page/2/index.html]
[adrchambers.com/specialty/commercial/franchise-disputes/index.html]
[adrchambers.com/specialty/miscellaneous/construction-engineering-infrastructure/feed/index.html]
[adrchambers.com/specialty/commercial/page/2/index.html]
[adrchambers.com/specialty/commercial/partnership-disputes/index.html]
[adrchambers.com/specialty/miscellaneous/page/2/index.html]
[adrchambers.com/specialty/miscellaneous/construction-engineering-infrastructure/page/2/index.html]
[adrchambers.com/specialty/employment/index.html]
[adrchambers.com/specialty/employment/harassment/index.html]
[adrchambers.com/specialty/employment/human-rights-discrimination/index.html]
[adrchambers.com/specialty/employment/workplace-disputes/index.html]
[adrchambers.com/specialty/employment/wrongful-constructive-dismissal/index.html]
[adrchambers.com/specialty/insurance/index.html]
[adrchambers.com/service/expedited-mediation/feed/index.html]
[adrchambers.com/specialty/insurance/life-disability/index.html]
[adrchambers.com/specialty/insurance/medical-malpractice/index.html]
[adrchambers.com/specialty/miscellaneous/estate-wills/page/2/index.html]
[adrchambers.com/specialty/insurance/personal-injury/index.html]
[adrchambers.com/specialty/insurance/product-liability/index.html]
[adrchambers.com/specialty/insurance/professional-liablity/index.html]
[adrchambers.com/specialty/commercial/collection-debtors/feed/index.html]
[adrchambers.com/specialty/insurance/property-casualty/index.html]
[adrchambers.com/specialty/commercial/collection-debtors/page/2/index.html]
[adrchambers.com/specialty/miscellaneous/environmental/index.html]
[adrchambers.com/specialty/commercial/contracts/feed/index.html]
[adrchambers.com/specialty/miscellaneous/landlord-tenant/index.html]
[adrchambers.com/service/civil-motion/feed/index.html]
[adrchambers.com/specialty/miscellaneous/libel-slander/index.html]
[adrchambers.com/indexbf4b.html]
[adrchambers.com/specialty/commercial/corporate/feed/index.html]
[adrchambers.com/indexb6d9.html]
[adrchambers.com/specialty/commercial/accounting/index.html]
[adrchambers.com/specialty/commercial/franchise-disputes/feed/index.html]
[adrchambers.com/specialty/commercial/succession/index.html]
[adrchambers.com/specialty/commercial/investment-dealers/index.html]
[adrchambers.com/specialty/commercial/contracts/page/2/index.html]
[adrchambers.com/specialty/commercial/partnership-disputes/feed/index.html]
[adrchambers.com/specialty/commercial/corporate/page/2/index.html]
[adrchambers.com/index5d7b.html]
[adrchambers.com/specialty/commercial/franchise-disputes/page/2/index.html]
[adrchambers.com/specialty/insurance/reinsurance/index.html]
[adrchambers.com/specialty/employment/feed/index.html]
[adrchambers.com/index146c.html]
[adrchambers.com/specialty/employment/harassment/feed/index.html]
[adrchambers.com/indexd3c2.html]
[adrchambers.com/specialty/commercial/bankruptcy-insolvency/index.html]
[adrchambers.com/specialty/commercial/partnership-disputes/page/2/index.html]
[adrchambers.com/specialty/commercial/transportation/index.html]
[adrchambers.com/specialty/employment/human-rights-discrimination/feed/index.html]
[adrchambers.com/specialty/miscellaneous/agriculture/index.html]
[adrchambers.com/specialty/miscellaneous/entertainment/index.html]
[adrchambers.com/specialty/employment/page/2/index.html]
[adrchambers.com/specialty/miscellaneous/oil-gas/index.html]
[adrchambers.com/specialty/employment/workplace-disputes/feed/index.html]
[adrchambers.com/specialty/miscellaneous/public-policy/index.html]
[adrchambers.com/specialty/miscellaneous/sports/index.html]
[adrchambers.com/specialty/employment/harassment/page/2/index.html]
[adrchambers.com/specialty/real-estate/index.html]
[adrchambers.com/specialty/employment/wrongful-constructive-dismissal/feed/index.html]
[adrchambers.com/specialty/real-estate/commercial-leases/index.html]
[adrchambers.com/specialty/employment/human-rights-discrimination/page/2/index.html]
[adrchambers.com/specialty/real-estate/condominium/index.html]
[adrchambers.com/specialty/real-estate/general-real-estate/index.html]
[adrchambers.com/specialty/insurance/feed/index.html]
[adrchambers.com/indexa09e.html]
[adrchambers.com/index658c.html]
[adrchambers.com/specialty/employment/workplace-disputes/page/2/index.html]
[adrchambers.com/specialty/employment/labour-relations/index.html]
[adrchambers.com/specialty/insurance/life-disability/feed/index.html]
[adrchambers.com/specialty/employment/workers-compensation/index.html]
[adrchambers.com/specialty/miscellaneous/arts/index.html]
[adrchambers.com/specialty/employment/wrongful-constructive-dismissal/page/2/index.html]
[adrchambers.com/specialty/miscellaneous/hospitals-health/index.html]
[adrchambers.com/specialty/insurance/medical-malpractice/feed/index.html]
[adrchambers.com/indexad58.html]
[adrchambers.com/specialty/insurance/page/2/index.html]
[adrchambers.com/index762d.html]
[adrchambers.com/service/fairness-monitoring/index.html]
[adrchambers.com/specialty/insurance/personal-injury/feed/index.html]
[adrchambers.com/indexd7d8.html]
[adrchambers.com/specialty/insurance/life-disability/page/2/index.html]
[adrchambers.com/indexd0ae.html]
[adrchambers.com/specialty/miscellaneous/aviation-air/index.html]
[adrchambers.com/specialty/insurance/product-liability/feed/index.html]
[adrchambers.com/index02bb.html]
[adrchambers.com/index630d.html]
[adrchambers.com/specialty/insurance/medical-malpractice/page/2/index.html]
[adrchambers.com/service/roster-rate-mediation/index.html]
[adrchambers.com/specialty/insurance/professional-liablity/feed/index.html]
[adrchambers.com/indexa51f.html]
[adrchambers.com/index500b.html]
[adrchambers.com/specialty/insurance/personal-injury/page/2/index.html]
[adrchambers.com/specialty/commercial/competition-law/index.html]
[adrchambers.com/specialty/insurance/property-casualty/feed/index.html]
[adrchambers.com/specialty/miscellaneous/family/index.html]
[adrchambers.com/specialty/miscellaneous/first-nations/index.html]
[adrchambers.com/specialty/insurance/product-liability/page/2/index.html]
[adrchambers.com/specialty/real-estate/land-use-planning/index.html]
[adrchambers.com/specialty/miscellaneous/environmental/feed/index.html]
[adrchambers.com/index4034.html]
[adrchambers.com/specialty/insurance/professional-liablity/page/2/index.html]
[adrchambers.com/index462c.html]
[adrchambers.com/specialty/miscellaneous/intellectual-property/index.html]
[adrchambers.com/specialty/miscellaneous/landlord-tenant/feed/index.html]
[adrchambers.com/index6e27.html]
[adrchambers.com/specialty/insurance/property-casualty/page/2/index.html]
[adrchambers.com/indexfb95.html]
[adrchambers.com/specialty/miscellaneous/libel-slander/feed/index.html]
[adrchambers.com/index5a6a.html]
[adrchambers.com/indexa848.html]
[adrchambers.com/specialty/miscellaneous/environmental/page/2/index.html]
[adrchambers.com/index2233.html]
[adrchambers.com/specialty/miscellaneous/landlord-tenant/page/2/index.html]
[adrchambers.com/indexe723.html]
[adrchambers.com/specialty/commercial/accounting/feed/index.html]
[adrchambers.com/specialty/miscellaneous/education/index.html]
[adrchambers.com/specialty/miscellaneous/libel-slander/page/2/index.html]
[adrchambers.com/specialty/miscellaneous/senior-and-co-operative-housing/index.html]
[adrchambers.com/indexe703.html]
[adrchambers.com/index101e.html]
[adrchambers.com/indexb753.html]
[adrchambers.com/specialty/commercial/investment-dealers/feed/index.html]
[adrchambers.com/index08eb.html]
[adrchambers.com/index8b3b.html]
[adrchambers.com/specialty/commercial/accounting/page/2/index.html]
[adrchambers.com/index53f3.html]
[adrchambers.com/specialty/commercial/investment-dealers/page/2/index.html]
[adrchambers.com/specialty/commercial/succession/feed/index.html]
[adrchambers.com/specialty/commercial/securities/index.html]
[adrchambers.com/index5cfa.html]
[adrchambers.com/index743a.html]
[adrchambers.com/specialty/insurance/reinsurance/feed/index.html]
[adrchambers.com/indexadc6.html]
[adrchambers.com/index90ff.html]
[adrchambers.com/service/construction-lien-references/index.html]
[adrchambers.com/specialty/commercial/class-actions/index.html]
[adrchambers.com/index198a.html]
[adrchambers.com/specialty/insurance/reinsurance/page/2/index.html]
[adrchambers.com/index6770.html]
[adrchambers.com/specialty/commercial/bankruptcy-insolvency/feed/index.html]
[adrchambers.com/indexea0f.html]
[adrchambers.com/index3444.html]
[adrchambers.com/specialty/commercial/transportation/feed/index.html]
[adrchambers.com/index8719.html]
[adrchambers.com/indexd57b.html]
[adrchambers.com/index2973.html]
[adrchambers.com/index9da4.html]
[adrchambers.com/wp-json/oembed/1.0/embed9a32]
[adrchambers.com/index3e78.html]
[adrchambers.com/specialty/miscellaneous/entertainment/feed/index.html]
[adrchambers.com/index5307.html]
[adrchambers.com/index460d.html]
[adrchambers.com/index164e.html]
[adrchambers.com/specialty/commercial/bankruptcy-insolvency/page/2/index.html]
[adrchambers.com/index22ee.html]
[adrchambers.com/specialty/miscellaneous/oil-gas/feed/index.html]
[adrchambers.com/index88fc.html]
[adrchambers.com/specialty/miscellaneous/public-policy/feed/index.html]
[adrchambers.com/index8820.html]
[adrchambers.com/index5f64.html]
[adrchambers.com/specialty/miscellaneous/sports/feed/index.html]
[adrchambers.com/index3961.html]
[adrchambers.com/index292a.html]
[adrchambers.com/specialty/miscellaneous/agriculture/feed/index.html]
[adrchambers.com/index7737.html]
[adrchambers.com/specialty/real-estate/feed/index.html]
[adrchambers.com/indexb1f7.html]
[adrchambers.com/indexe856.html]
[adrchambers.com/specialty/real-estate/commercial-leases/feed/index.html]
[adrchambers.com/index745e.html]
[adrchambers.com/index757e.html]
[adrchambers.com/specialty/real-estate/page/2/index.html]
[adrchambers.com/specialty/miscellaneous/sports/page/2/index.html]
[adrchambers.com/index41d1.html]
[adrchambers.com/specialty/miscellaneous/public-policy/page/2/index.html]
[adrchambers.com/index1c00.html]
[adrchambers.com/specialty/real-estate/condominium/page/2/index.html]
[adrchambers.com/index1887.html]
[adrchambers.com/index4592.html]
[adrchambers.com/indexb711.html]
[adrchambers.com/specialty/real-estate/condominium/feed/index.html]
[adrchambers.com/indexd52d.html]
[adrchambers.com/specialty/employment/labour-relations/feed/index.html]
[adrchambers.com/index404f.html]
[adrchambers.com/index96c2.html]
[adrchambers.com/specialty/employment/workers-compensation/feed/index.html]
[adrchambers.com/index67cd.html]
[adrchambers.com/indexabc3.html]
[adrchambers.com/specialty/miscellaneous/arts/feed/index.html]
[adrchambers.com/index0b2d.html]
[adrchambers.com/specialty/miscellaneous/trusts/index.html]
[adrchambers.com/specialty/real-estate/general-real-estate/page/2/index.html]
[adrchambers.com/index72ff.html]
[adrchambers.com/index258d.html]
[adrchambers.com/indexbe3b.html]
[adrchambers.com/specialty/employment/labour-relations/page/2/index.html]
[adrchambers.com/index1e0c.html]
[adrchambers.com/specialty/miscellaneous/hospitals-health/feed/index.html]
[adrchambers.com/odacc.html]
[adrchambers.com/service/fairness-monitoring/feed/index.html]
[adrchambers.com/ombudsman.html]
[adrchambers.com/integrity-commissioner.html]
[adrchambers.com/specialty/miscellaneous/aviation-air/feed/index.html]
[adrchambers.com/index8bc8.html]
[adrchambers.com/index9309.html]
[adrchambers.com/specialty/miscellaneous/hospitals-health/page/2/index.html]
[adrchambers.com/specialty/insurance/interpretation-of-commercial-insurance-policies/index.html]
[adrchambers.com/index20fc.html]
[adrchambers.com/service/roster-rate-mediation/feed/index.html]
[adrchambers.com/index4bdd.html]
[adrchambers.com/index4591.html]
[adrchambers.com/index23df.html]
[adrchambers.com/specialty/commercial/competition-law/feed/index.html]
[adrchambers.com/index96b1.html]
[adrchambers.com/index7cf8.html]
[adrchambers.com/index952b.html]
[adrchambers.com/indexc4ce.html]
[adrchambers.com/specialty/miscellaneous/family/feed/index.html]
[adrchambers.com/indexb950.html]
[adrchambers.com/specialty/miscellaneous/first-nations/feed/index.html]
[adrchambers.com/indexfa97.html]
[adrchambers.com/index8816.html]
[adrchambers.com/service/roster-rate-mediation/page/2/index.html]
[adrchambers.com/indexf537.html]
[adrchambers.com/specialty/real-estate/land-use-planning/feed/index.html]
[adrchambers.com/index3ad8.html]
[adrchambers.com/index9b05.html]
[adrchambers.com/specialty/miscellaneous/intellectual-property/feed/index.html]
[adrchambers.com/index151a.html]
[adrchambers.com/indexc588.html]
[adrchambers.com/index1b9e.html]
[adrchambers.com/specialty/miscellaneous/first-nations/page/2/index.html]
[adrchambers.com/indexbfcf.html]
[adrchambers.com/index7529.html]
[adrchambers.com/indexa2bd.html]
[adrchambers.com/indexcc08.html]
[adrchambers.com/index773f.html]
[adrchambers.com/index18bf.html]
[adrchambers.com/index4cd6.html]
[adrchambers.com/specialty/miscellaneous/education/feed/index.html]
[adrchambers.com/index1ab8.html]
[adrchambers.com/specialty/miscellaneous/senior-and-co-operative-housing/feed/index.html]
[adrchambers.com/index3564.html]
[adrchambers.com/indexc8fa.html]
[adrchambers.com/index1c22.html]
[adrchambers.com/news-articles/uncategorized/advanced-procedures-for-mediation-and-arbitration-of-franchise-disputes-to-save-time-costs-and-disruption.html]
[adrchambers.com/service/construction-lien-references/feed/index.html]
[adrchambers.com/wp-json/wp/v2/media/2200.json]
[adrchambers.com/wp-json/oembed/1.0/embedc614.json]
[adrchambers.com/wp-json/oembed/1.0/embed93cf]
[adrchambers.com/wp-content/uploads/2018/07/CFA-2018-CONVENTION-FORGING-GOOD-FRANCHISE-RELATIONSHIPS-WEBSITE-POWERPOINT.pdf]
[adrchambers.com/cfa-2018-convention-forging-good-franchise-relationships/index.html]
[adrchambers.com/wp-json/wp/v2/posts/1628.json]
[adrchambers.com/specialty/miscellaneous/trusts/feed/index.html]
[adrchambers.com/wp-json/oembed/1.0/embed9995.json]
[adrchambers.com/news-articles/commentary/qa-frank-zaid-mistakes-avoid-franchising/index.html]
[adrchambers.com/wp-json/oembed/1.0/embed53c9]
[adrchambers.com/specialty/insurance/interpretation-of-commercial-insurance-policies/feed/index.html]
[adrchambers.com/wp-json/wp/v2/posts/2194.json]
[adrchambers.com/wp-json/oembed/1.0/embed2580.json]
[adrchambers.com/wp-json/oembed/1.0/embed7919]
[adrchambers.com/uncategorized/index.html]
[adrchambers.com/wp-json/wp/v2/posts/1519.json]
[adrchambers.com/wp-json/oembed/1.0/embed7089.json]
[adrchambers.com/news-articles/commentary/case-mediation-arbitration-franchise-disputes/index.html]
[adrchambers.com/index5a24.html]
[adrchambers.com/index3a35.html]
[adrchambers.com/indexf45e.html]
[adrchambers.com/index9f63.html]
[adrchambers.com/wp-json/oembed/1.0/embed2b04]
[adrchambers.com/indexb8c4.html]
[adrchambers.com/indexcf2e.html]
[adrchambers.com/index5721.html]
[adrchambers.com/index00b8.html]
[adrchambers.com/indexc39e.html]
[adrchambers.com/index8426.html]
[adrchambers.com/indexe539.html]
[adrchambers.com/index0294.html]
[adrchambers.com/index8e01.html]
[adrchambers.com/index9524.html]
[adrchambers.com/index9e8b.html]
[adrchambers.com/index92fc.html]
[adrchambers.com/index261b.html]
[adrchambers.com/indexfd20.html]
[adrchambers.com/index05b8.html]
[adrchambers.com/index0a82.html]
[adrchambers.com/index8576.html]
[adrchambers.com/index3af8.html]
[adrchambers.com/index9d87.html]
[adrchambers.com/index573c.html]
[adrchambers.com/index7d7a.html]
[adrchambers.com/wp-json/wp/v2/posts/2678.json]
[adrchambers.com/wp-json/oembed/1.0/embed8a63.json]
[adrchambers.com/news-articles/commentary/the-value-of-mentorship-part-2-shaping-the-next-generation-of-professional-mediators/index.html]
[adrchambers.com/wp-json/oembed/1.0/embed96d6]
[adrchambers.com/wp-json/wp/v2/posts/2676.json]
[adrchambers.com/wp-json/oembed/1.0/embedf0f1.json]
[adrchambers.com/news-articles/commentary/the-value-of-mentorship-part-1-reflections-on-my-journey-from-iam-mentee-to-iam-fellow/index.html]
[adrchambers.com/wp-json/oembed/1.0/embedd553]
[adrchambers.com/wp-json/wp/v2/posts/2670.json]
[adrchambers.com/wp-json/oembed/1.0/embed9d0a.json]
[adrchambers.com/news-articles/commentary/qa-with-frank-zaid-forging-strong-franchise-relationships/index.html]
[adrchambers.com/wp-json/oembed/1.0/embedae48]
[adrchambers.com/wp-json/wp/v2/posts/2613.json]
[adrchambers.com/wp-json/oembed/1.0/embed2f3b.json]
[adrchambers.com/news-articles/uncategorized/anishnabe-noon-da-gaaziiwin-an-indigenous-peacemaking-mediation-nexus/index.html]
[adrchambers.com/wp-json/oembed/1.0/embed363d]
[adrchambers.com/wp-json/wp/v2/posts/2610.json]
[adrchambers.com/wp-json/oembed/1.0/embed4833.json]
[adrchambers.com/news-articles/commentary/skills-of-an-effective-mediator/index.html]
[adrchambers.com/wp-json/oembed/1.0/embedacfd]
[adrchambers.com/wp-json/wp/v2/posts/2608.json]
[adrchambers.com/wp-json/oembed/1.0/embed21cf.json]
[adrchambers.com/news-articles/commentary/the-newest-tort-elder-care-abuse/index.html]
[adrchambers.com/wp-json/oembed/1.0/embed3873]
[adrchambers.com/wp-json/wp/v2/posts/2604.json]
[adrchambers.com/wp-json/oembed/1.0/embedf381.json]
[adrchambers.com/news-articles/uncategorized/the-art-and-science-of-mediating/index.html]
[adrchambers.com/wp-json/oembed/1.0/embed2be2]
[adrchambers.com/wp-json/wp/v2/posts/2602.json]
[adrchambers.com/wp-json/oembed/1.0/embed650f.json]
[adrchambers.com/news-articles/commentary/how-a-new-kind-of-resolution-process-can-support-reconciliation-opinion-how-a-hybrid-process-style-of-mediation-could-help-in-treaty-disputes/index.html]
[adrchambers.com/wp-json/oembed/1.0/embedeb34]
[adrchambers.com/wp-json/wp/v2/posts/2598.json]
[adrchambers.com/wp-json/oembed/1.0/embed4fb7.json]
[adrchambers.com/news-articles/uncategorized/2598/index.html]
[adrchambers.com/wp-json/oembed/1.0/embede2b1]
[adrchambers.com/wp-content/uploads/2019/01/ADR-Services-300x175.png]
[adrchambers.com/wp-json/wp/v2/posts/2552.json]
[adrchambers.com/wp-json/oembed/1.0/embed7e55.json]
[adrchambers.com/news-articles/commentary/a-solution-for-every-problem-how-to-prevent-conflict-from-becoming-litigation/index.html]
[adrchambers.com/news-articles/page/1/index.html]
[adrchambers.com/news-articles/page/4/index.html]
[adrchambers.com/indexc7ce.html]
[adrchambers.com/wp-json/oembed/1.0/embedddcb]
[adrchambers.com/index275d.html]
[adrchambers.com/index197c.html]
[adrchambers.com/news-articles/commentary/investors-vs-state/index.html]
[adrchambers.com/indexe6ee.html]
[adrchambers.com/index0b17.html]
[adrchambers.com/news-articles/commentary/new-investment-rules-offers-opportunities/index.html]
[adrchambers.com/neutral/frank-zaid.html]
[adrchambers.com/uncategorized/qa-with-frank-zaid-issues-regarding-intellectual-property/index.html]
[adrchambers.com/index1b80.html]
[adrchambers.com/index557c.html]
